 MINGW64 /c/SAMURAI/git_challenge
$ git init
Initialized empty Git repository in C:/SAMURAI/git_challenge/.git/

 MINGW64 /c/SAMURAI/git_challenge (main)
$ git add hello_world.txt

 MINGW64 /c/SAMURAI/git_challenge (main)
$ git commit -m "hello_world.txtを追加"
[main (root-commit) e622404] hello_world.txtを追加
 1 file changed, 1 insertion(+)
 create mode 100644 hello_world.txt

 MINGW64 /c/SAMURAI/git_challenge (main)
$ git add hello_world.txt

 MINGW64 /c/SAMURAI/git_challenge (main)
$ git commit -m "日本語訳を追記"
[main b29ac43] 日本語訳を追記
 1 file changed, 2 insertions(+), 1 deletion(-)

 MINGW64 /c/SAMURAI/git_challenge (main)
$ git log --oneline
b29ac43 (HEAD -> main) 日本語訳を追記
e622404 hello_world.txtを追加